BL51 BANKED LINKER/LOCATER V6.22                                                        07/19/2015  12:28:08  PAGE 1


BL51 BANKED LINKER/LOCATER V6.22, INVOKED BY:
C:\PROGRAM FILES\KEIL\C51\BIN\BL51.EXE main.obj, lcd.obj, HX711.obj TO test RAMSIZE (256)


MEMORY MODEL: SMALL WITH FLOATING POINT ARITHMETIC


INPUT MODULES INCLUDED:
  main.obj (MAIN)
  lcd.obj (LCD)
  HX711.obj (HX711)
  C:\PROGRAM FILES\KEIL\C51\LIB\C51FPS.LIB (?C?FPADD)
  C:\PROGRAM FILES\KEIL\C51\LIB\C51FPS.LIB (?C?FPDIV)
  C:\PROGRAM FILES\KEIL\C51\LIB\C51FPS.LIB (?C?FCAST)
  C:\PROGRAM FILES\KEIL\C51\LIB\C51FPS.LIB (?C?CASTF)
  C:\PROGRAM FILES\KEIL\C51\LIB\C51FPS.LIB (?C?FPGETOPN)
  C:\PROGRAM FILES\KEIL\C51\LIB\C51S.LIB (?C_STARTUP)
  C:\PROGRAM FILES\KEIL\C51\LIB\C51S.LIB (?C?CLDPTR)
  C:\PROGRAM FILES\KEIL\C51\LIB\C51S.LIB (?C?LMUL)
  C:\PROGRAM FILES\KEIL\C51\LIB\C51S.LIB (?C?ULDIV)
  C:\PROGRAM FILES\KEIL\C51\LIB\C51S.LIB (?C?LNEG)
  C:\PROGRAM FILES\KEIL\C51\LIB\C51S.LIB (?C?ULCMP)
  C:\PROGRAM FILES\KEIL\C51\LIB\C51S.LIB (?C?LSHL)
  C:\PROGRAM FILES\KEIL\C51\LIB\C51S.LIB (?C_INIT)


LINK MAP OF MODULE:  test (MAIN)


            TYPE    BASE      LENGTH    RELOCATION   SEGMENT NAME
            -----------------------------------------------------

            * * * * * * *   D A T A   M E M O R Y   * * * * * * *
            REG     0000H     0008H     ABSOLUTE     "REG BANK 0"
            DATA    0008H     0015H     UNIT         ?DT?MAIN
            DATA    001DH     0003H     UNIT         _DATA_GROUP_
            BIT     0020H.0   0000H.1   UNIT         ?BI?MAIN
                    0020H.1   0000H.7                *** GAP ***
            IDATA   0021H     0001H     UNIT         ?STACK

            * * * * * * *   C O D E   M E M O R Y   * * * * * * *
            CODE    0000H     0003H     ABSOLUTE     
            CODE    0003H     03BFH     UNIT         ?C?LIB_CODE
            CODE    03C2H     0270H     UNIT         ?PR?MAIN?MAIN
            CODE    0632H     008CH     UNIT         ?C_C51STARTUP
            CODE    06BEH     0084H     UNIT         ?PR?GET_WEIGHT?MAIN
            CODE    0742H     0074H     UNIT         ?PR?KEY_SCAN?MAIN
            CODE    07B6H     003DH     UNIT         ?PR?HX711_READ?HX711
            CODE    07F3H     0033H     UNIT         ?CO?MAIN
            CODE    0826H     0026H     UNIT         ?C_INITSEG
            CODE    084CH     0026H     UNIT         ?PR?_LCD1602_WRITE_WORD?LCD
            CODE    0872H     0020H     UNIT         ?PR?_DELAY_MS?MAIN
            CODE    0892H     0020H     UNIT         ?PR?_LCD1602_DELAY_MS?LCD
            CODE    08B2H     001DH     UNIT         ?PR?GET_MAOPI?MAIN
            CODE    08CFH     0018H     UNIT         ?PR?INIT_LCD1602?LCD
            CODE    08E7H     0015H     UNIT         ?PR?_LCD1602_WRITE_COM?LCD
            CODE    08FCH     0015H     UNIT         ?PR?_LCD1602_WRITE_DATA?LCD
            CODE    0911H     0003H     UNIT         ?PR?DELAY__HX711_US?HX711
BL51 BANKED LINKER/LOCATER V6.22                                                      07/19/2015  12:28:08  PAGE 2





OVERLAY MAP OF MODULE:   test (MAIN)


SEGMENT                               DATA_GROUP 
  +--> CALLED SEGMENT               START    LENGTH
---------------------------------------------------
?C_C51STARTUP                       -----    -----
  +--> ?PR?MAIN?MAIN
  +--> ?C_INITSEG

?PR?MAIN?MAIN                       -----    -----
  +--> ?PR?INIT_LCD1602?LCD
  +--> ?PR?_LCD1602_WRITE_COM?LCD
  +--> ?CO?MAIN
  +--> ?PR?_LCD1602_WRITE_WORD?LCD
  +--> ?PR?_DELAY_MS?MAIN
  +--> ?PR?GET_MAOPI?MAIN
  +--> ?PR?GET_WEIGHT?MAIN
  +--> ?PR?_LCD1602_WRITE_DATA?LCD
  +--> ?PR?KEY_SCAN?MAIN

?PR?INIT_LCD1602?LCD                -----    -----
  +--> ?PR?_LCD1602_WRITE_COM?LCD

?PR?_LCD1602_WRITE_COM?LCD          -----    -----
  +--> ?PR?_LCD1602_DELAY_MS?LCD

?PR?_LCD1602_WRITE_WORD?LCD         001DH    0003H
  +--> ?PR?_LCD1602_WRITE_DATA?LCD

?PR?_LCD1602_WRITE_DATA?LCD         -----    -----
  +--> ?PR?_LCD1602_DELAY_MS?LCD

?PR?GET_MAOPI?MAIN                  -----    -----
  +--> ?PR?HX711_READ?HX711

?PR?HX711_READ?HX711                -----    -----
  +--> ?PR?DELAY__HX711_US?HX711

?PR?GET_WEIGHT?MAIN                 -----    -----
  +--> ?PR?HX711_READ?HX711



SYMBOL TABLE OF MODULE:  test (MAIN)

  VALUE           TYPE          NAME
  ----------------------------------

  -------         MODULE        MAIN
  C:0000H         SYMBOL        _ICE_DUMMY_
  D:0090H         PUBLIC        P1
  D:00A0H         PUBLIC        P2
  D:00B0H         PUBLIC        P3
BL51 BANKED LINKER/LOCATER V6.22                                                      07/19/2015  12:28:08  PAGE 3


  D:0008H         PUBLIC        Money
  D:00A8H         PUBLIC        IE
  D:00B8H         PUBLIC        IP
  C:03C2H         PUBLIC        main
  C:0872H         PUBLIC        _Delay_ms
  D:000CH         PUBLIC        Price_Buffer
  D:0098H         PUBLIC        SCON
  D:0088H         PUBLIC        TCON
  D:000FH         PUBLIC        KEY_NUM
  D:0010H         PUBLIC        Weight_Maopi
  C:0742H         PUBLIC        KEY_Scan
  D:0014H         PUBLIC        Weight_Shiwu
  D:0018H         PUBLIC        Price_Count
  D:00C8H         PUBLIC        T2CON
  C:06BEH         PUBLIC        Get_Weight
  B:0020H.0       PUBLIC        Flag_OK
  D:0019H         PUBLIC        HX711_Buffer
  C:08B2H         PUBLIC        Get_Maopi
  D:00D0H         PUBLIC        PSW
  -------         PROC          KEY_SCAN
  -------         DO            
  D:0007H         SYMBOL        temp
  D:0006H         SYMBOL        com
  D:0005H         SYMBOL        com1
  D:0004H         SYMBOL        com2
  -------         ENDDO         
  C:0742H         LINE#         15
  C:0742H         LINE#         16
  C:0742H         LINE#         17
  C:0744H         LINE#         18
  C:0748H         LINE#         19
  C:074BH         LINE#         20
  C:0751H         LINE#         21
  C:0751H         LINE#         22
  C:0753H         LINE#         23
  C:0756H         LINE#         24
  C:0758H         LINE#         25
  C:0758H         LINE#         26
  C:075BH         LINE#         27
  C:0760H         LINE#         28
  C:0763H         LINE#         29
  C:0768H         LINE#         30
  C:076DH         LINE#         31
  C:0772H         LINE#         32
  C:0777H         LINE#         33
  C:077CH         LINE#         34
  C:0781H         LINE#         37
  C:0786H         LINE#         38
  C:078BH         LINE#         39
  C:0790H         LINE#         41
  C:0795H         LINE#         42
  C:079AH         LINE#         43
  C:079FH         LINE#         45
  C:07A4H         LINE#         46
  C:07A9H         LINE#         47
  C:07AEH         LINE#         48
  C:07B3H         LINE#         49
BL51 BANKED LINKER/LOCATER V6.22                                                      07/19/2015  12:28:08  PAGE 4


  C:07B5H         LINE#         50
  -------         ENDPROC       KEY_SCAN
  -------         PROC          MAIN
  -------         DO            
  C:03DAH         SYMBOL        loop
  -------         ENDDO         
  C:03C2H         LINE#         53
  C:03C2H         LINE#         54
  C:03C2H         LINE#         55
  C:03C5H         LINE#         57
  C:03CAH         LINE#         58
  C:03D3H         LINE#         61
  C:03DAH         LINE#         64
  C:03DDH         LINE#         65
  C:03DFH         LINE#         66
  C:03E1H         LINE#         67
  C:03E3H         LINE#         68
  C:03E5H         LINE#         70
  C:03EAH         LINE#         71
  C:03F3H         LINE#         72
  C:03F8H         LINE#         73
  C:0401H         LINE#         78
  C:0404H         LINE#         80
  C:0404H         LINE#         81
  C:0404H         LINE#         82
  C:040AH         LINE#         83
  C:040AH         LINE#         84
  C:040DH         LINE#         87
  C:0412H         LINE#         88
  C:042BH         LINE#         89
  C:0430H         LINE#         90
  C:045AH         LINE#         91
  C:0483H         LINE#         92
  C:049BH         LINE#         93
  C:049BH         LINE#         95
  C:04A0H         LINE#         97
  C:04A9H         LINE#         98
  C:04A9H         LINE#         99
  C:04AEH         LINE#         100
  C:04AEH         LINE#         101
  C:04B1H         LINE#         102
  C:04B1H         LINE#         104
  C:04BAH         LINE#         105
  C:04BAH         LINE#         106
  C:04BAH         LINE#         107
  C:04BAH         LINE#         109
  C:04C0H         LINE#         110
  C:04C0H         LINE#         111
  C:04C2H         LINE#         112
  C:04CBH         LINE#         113
  C:04CBH         LINE#         114
  C:04CEH         LINE#         115
  C:04CEH         LINE#         117
  C:04D5H         LINE#         119
  C:04E1H         LINE#         120
  C:04E1H         LINE#         121
  C:04E1H         LINE#         122
BL51 BANKED LINKER/LOCATER V6.22                                                      07/19/2015  12:28:08  PAGE 5


  C:04E3H         LINE#         123
  C:04E3H         LINE#         124
  C:04E5H         LINE#         125
  C:04E5H         LINE#         126
  C:04E7H         LINE#         127
  C:04E7H         LINE#         128
  C:04E9H         LINE#         129
  C:04E9H         LINE#         130
  C:04EEH         LINE#         131
  C:04F3H         LINE#         132
  C:04F3H         LINE#         133
  C:04F3H         LINE#         134
  C:04F3H         LINE#         135
  C:04F3H         LINE#         137
  C:04FCH         LINE#         138
  C:04FCH         LINE#         139
  C:0523H         LINE#         140
  C:0548H         LINE#         141
  C:054DH         LINE#         142
  C:0566H         LINE#         143
  C:0590H         LINE#         144
  C:05B9H         LINE#         145
  C:05BEH         LINE#         146
  C:05D6H         LINE#         148
  C:05D8H         LINE#         149
  C:05D8H         LINE#         151
  C:05ECH         LINE#         152
  C:05ECH         LINE#         153
  C:05F3H         LINE#         155
  C:05FFH         LINE#         156
  C:05FFH         LINE#         157
  C:05FFH         LINE#         158
  C:0604H         LINE#         159
  C:0606H         LINE#         160
  C:0608H         LINE#         161
  C:0608H         LINE#         162
  C:060DH         LINE#         163
  C:060FH         LINE#         164
  C:0611H         LINE#         165
  C:0611H         LINE#         166
  C:0616H         LINE#         167
  C:061EH         LINE#         168
  C:061EH         LINE#         169
  C:061EH         LINE#         170
  C:061EH         LINE#         172
  C:0620H         LINE#         174
  C:062CH         LINE#         175
  C:062CH         LINE#         176
  C:062FH         LINE#         177
  C:062FH         LINE#         178
  C:062FH         LINE#         180
  C:062FH         LINE#         182
  -------         ENDPROC       MAIN
  -------         PROC          GET_WEIGHT
  C:06BEH         LINE#         192
  C:06BEH         LINE#         193
  C:06BEH         LINE#         194
BL51 BANKED LINKER/LOCATER V6.22                                                      07/19/2015  12:28:08  PAGE 6


  C:06C9H         LINE#         195
  C:06DAH         LINE#         196
  C:06F0H         LINE#         197
  C:06F0H         LINE#         198
  C:06FCH         LINE#         199
  C:0714H         LINE#         201
  C:0741H         LINE#         202
  C:0741H         LINE#         213
  -------         ENDPROC       GET_WEIGHT
  -------         PROC          GET_MAOPI
  C:08B2H         LINE#         218
  C:08B2H         LINE#         219
  C:08B2H         LINE#         220
  C:08BDH         LINE#         221
  C:08CEH         LINE#         222
  -------         ENDPROC       GET_MAOPI
  -------         PROC          _DELAY_MS
  D:0006H         SYMBOL        n
  -------         DO            
  D:0004H         SYMBOL        i
  D:0002H         SYMBOL        j
  -------         ENDDO         
  C:0872H         LINE#         227
  C:0872H         LINE#         228
  C:0872H         LINE#         230
  C:087CH         LINE#         231
  C:0891H         LINE#         232
  -------         ENDPROC       _DELAY_MS
  -------         ENDMOD        MAIN

  -------         MODULE        LCD
  C:0000H         SYMBOL        _ICE_DUMMY_
  D:0080H         PUBLIC        P0
  D:0090H         PUBLIC        P1
  D:00A0H         PUBLIC        P2
  D:00B0H         PUBLIC        P3
  D:00A8H         PUBLIC        IE
  B:00A0H.7       PUBLIC        LCD1602_EN
  C:08CFH         PUBLIC        Init_LCD1602
  D:00B8H         PUBLIC        IP
  B:00A0H.5       PUBLIC        LCD1602_RS
  B:00A0H.6       PUBLIC        LCD1602_RW
  C:08FCH         PUBLIC        _LCD1602_write_data
  D:0098H         PUBLIC        SCON
  D:0088H         PUBLIC        TCON
  C:084CH         PUBLIC        _LCD1602_write_word
  C:08E7H         PUBLIC        _LCD1602_write_com
  C:0892H         PUBLIC        _LCD1602_delay_ms
  D:00C8H         PUBLIC        T2CON
  D:00D0H         PUBLIC        PSW
  -------         PROC          _LCD1602_DELAY_MS
  D:0006H         SYMBOL        n
  -------         DO            
  D:0004H         SYMBOL        i
  D:0002H         SYMBOL        j
  -------         ENDDO         
  C:0892H         LINE#         7
BL51 BANKED LINKER/LOCATER V6.22                                                      07/19/2015  12:28:08  PAGE 7


  C:0892H         LINE#         8
  C:0892H         LINE#         10
  C:089CH         LINE#         11
  C:08B1H         LINE#         12
  -------         ENDPROC       _LCD1602_DELAY_MS
  -------         PROC          _LCD1602_WRITE_COM
  D:0001H         SYMBOL        com
  C:08E7H         LINE#         17
  C:08E9H         LINE#         18
  C:08E9H         LINE#         19
  C:08EBH         LINE#         20
  C:08F2H         LINE#         21
  C:08F4H         LINE#         22
  C:08F6H         LINE#         23
  C:08F9H         LINE#         24
  C:08FBH         LINE#         25
  -------         ENDPROC       _LCD1602_WRITE_COM
  -------         PROC          _LCD1602_WRITE_DATA
  D:0001H         SYMBOL        dat
  C:08FCH         LINE#         30
  C:08FEH         LINE#         31
  C:08FEH         LINE#         32
  C:0900H         LINE#         33
  C:0907H         LINE#         34
  C:0909H         LINE#         35
  C:090BH         LINE#         36
  C:090EH         LINE#         37
  C:0910H         LINE#         38
  -------         ENDPROC       _LCD1602_WRITE_DATA
  -------         PROC          _LCD1602_WRITE_WORD
  D:001DH         SYMBOL        s
  C:084CH         LINE#         43
  C:0852H         LINE#         44
  C:0852H         LINE#         45
  C:0861H         LINE#         46
  C:0861H         LINE#         47
  C:0864H         LINE#         48
  C:086FH         LINE#         49
  C:0871H         LINE#         50
  -------         ENDPROC       _LCD1602_WRITE_WORD
  -------         PROC          INIT_LCD1602
  C:08CFH         LINE#         52
  C:08CFH         LINE#         53
  C:08CFH         LINE#         54
  C:08D1H         LINE#         55
  C:08D3H         LINE#         56
  C:08D8H         LINE#         57
  C:08DDH         LINE#         58
  C:08E2H         LINE#         59
  -------         ENDPROC       INIT_LCD1602
  -------         ENDMOD        LCD

  -------         MODULE        HX711
  C:0000H         SYMBOL        _ICE_DUMMY_
  D:0090H         PUBLIC        P1
  D:00A0H         PUBLIC        P2
  D:00B0H         PUBLIC        P3
BL51 BANKED LINKER/LOCATER V6.22                                                      07/19/2015  12:28:08  PAGE 8


  D:00A8H         PUBLIC        IE
  C:07B6H         PUBLIC        HX711_Read
  D:00B8H         PUBLIC        IP
  D:0098H         PUBLIC        SCON
  D:0088H         PUBLIC        TCON
  B:00A0H.0       PUBLIC        HX711_DOUT
  D:00C8H         PUBLIC        T2CON
  C:0911H         PUBLIC        Delay__hx711_us
  D:00D0H         PUBLIC        PSW
  B:00A0H.1       PUBLIC        HX711_SCK
  -------         PROC          DELAY__HX711_US
  C:0911H         LINE#         5
  C:0911H         LINE#         6
  C:0911H         LINE#         7
  C:0912H         LINE#         8
  C:0913H         LINE#         9
  -------         ENDPROC       DELAY__HX711_US
  -------         PROC          HX711_READ
  -------         DO            
  D:0004H         SYMBOL        count
  D:0003H         SYMBOL        i
  -------         ENDDO         
  C:07B6H         LINE#         14
  C:07B6H         LINE#         15
  C:07B6H         LINE#         18
  C:07B8H         LINE#         19
  C:07BBH         LINE#         20
  C:07BDH         LINE#         21
  C:07C5H         LINE#         22
  C:07C8H         LINE#         23
  C:07CAH         LINE#         24
  C:07CAH         LINE#         25
  C:07CCH         LINE#         26
  C:07D1H         LINE#         27
  C:07D3H         LINE#         28
  C:07D6H         LINE#         29
  C:07E3H         LINE#         30
  C:07E7H         LINE#         31
  C:07E9H         LINE#         32
  C:07EDH         LINE#         33
  C:07F0H         LINE#         34
  C:07F2H         LINE#         35
  C:07F2H         LINE#         36
  -------         ENDPROC       HX711_READ
  -------         ENDMOD        HX711

  -------         MODULE        ?C?FPADD
  C:000AH         PUBLIC        ?C?FPADD
  C:0006H         PUBLIC        ?C?FPSUB
  -------         ENDMOD        ?C?FPADD

  -------         MODULE        ?C?FPDIV
  C:00FEH         PUBLIC        ?C?FPDIV
  -------         ENDMOD        ?C?FPDIV

  -------         MODULE        ?C?FCAST
  C:01A5H         PUBLIC        ?C?FCASTC
BL51 BANKED LINKER/LOCATER V6.22                                                      07/19/2015  12:28:08  PAGE 9


  C:01A0H         PUBLIC        ?C?FCASTI
  C:019BH         PUBLIC        ?C?FCASTL
  -------         ENDMOD        ?C?FCAST

  -------         MODULE        ?C?CASTF
  C:01D9H         PUBLIC        ?C?CASTF
  -------         ENDMOD        ?C?CASTF

  -------         MODULE        ?C?CLDPTR
  C:025AH         PUBLIC        ?C?CLDPTR
  -------         ENDMOD        ?C?CLDPTR

  -------         MODULE        ?C?LMUL
  C:0273H         PUBLIC        ?C?LMUL
  -------         ENDMOD        ?C?LMUL

  -------         MODULE        ?C?ULDIV
  C:02FEH         PUBLIC        ?C?ULDIV
  -------         ENDMOD        ?C?ULDIV

  -------         MODULE        ?C?LNEG
  C:0390H         PUBLIC        ?C?LNEG
  -------         ENDMOD        ?C?LNEG

  -------         MODULE        ?C?ULCMP
  C:039EH         PUBLIC        ?C?ULCMP
  -------         ENDMOD        ?C?ULCMP

  -------         MODULE        ?C?LSHL
  C:03AFH         PUBLIC        ?C?LSHL
  -------         ENDMOD        ?C?LSHL

Program Size: data=33.1 xdata=0 code=2324
LINK/LOCATE RUN COMPLETE.  0 WARNING(S),  0 ERROR(S)
