C51 COMPILER V9.52.0.0   LCD                                                               07/19/2015 22:18:54 PAGE 1   


C51 COMPILER V9.52.0.0, COMPILATION OF MODULE LCD
OBJECT MODULE PLACED IN lcd.obj
COMPILER INVOKED BY: C:\Program Files\keil\C51\BIN\C51.EXE LCD1602\lcd.c BROWSE DEBUG OBJECTEXTEND PRINT(.\lcd.lst) TABS
                    -(2) OBJECT(lcd.obj)

line level    source

   1          #include<reg52.h>
   2          #include"lcd.h"
   3          
   4          unsigned char  code Data[]={0x04,0x0f,0x12,0x0f,0x0a,0x1f,0x02,0x02,//年
   5                                      0x0f,0x09,0x0f,0x09,0x0f,0x09,0x09,0x13,//月
   6                                      0x1f,0x11,0x11,0x1f,0x11,0x11,0xff,0x00,//日
   7                                      0x0e,0x0a,0x0e,0x00,0x1f,0x11,0x11,0x1f,//吕
   8                                      0x04,0x1f,0x08,0x1f,0x09,0x0f,0x09,0x09,
   9                                      0x02,0x02,0x1f,0x06,0x0a,0x12,0x02,0x06,
  10                                      0x1c,0x14,0x1c,0x03,0x04,0x04,0x04,0x03//°c
  11                         };
  12          
  13          /******************************************************************************
  14          函数名称：LCD1602_CheckBusy
  15          函数功能：忙检测
  16          入口参数：无
  17          返回值：无
  18          备注：忙检测采用了多加一个延时条件的办法，放置程序卡在检测函数中
  19          *******************************************************************************/
  20          void LCD1602_CheckBusy(void)    
  21          {
  22   1        unsigned char i = 255;
  23   1        LCDPORT = 0xFF;  //读之前先置位，准备读取IO口数据
  24   1        LCD1602_RS = 0;
  25   1        LCD1602_RW = 1;  //使液晶处于读数据状态
  26   1        LCD1602_EN = 1;  //使能液晶，高电平有效
  27   1        while((i--) && (LCDPORT & 0x80)); //忙检测
  28   1        LCD1602_EN = 0;
  29   1      }
  30          
  31          /******************************************************************************
  32          函数名称：LCD1602_WriteInformation
  33          函数功能：向LCD1602液晶写入数据或者命令
  34          入口参数：ucData-要写入的数据或者命令参数
  35                bComOrData-为0时写入的时命令，为1时写入的时数据
  36          返回值：无
  37          备注：无
  38          *******************************************************************************/
  39          void LCD1602_WriteInformation(unsigned char ucData,bit bComOrData)   
  40          {
  41   1        LCD1602_CheckBusy();   //在写入数据或者命令前先进行忙检测
  42   1        LCDPORT = ucData;    //先将数据或者命令送至IO
  43   1        LCD1602_RS = bComOrData;  //确定是写入数据还是写命令
  44   1        LCD1602_RW = 0;   //使液晶处于写入信息状态
  45   1        LCD1602_EN = 1;   //使能液晶，高电平有效
  46   1        LCD1602_EN = 0;
  47   1      }
  48          
  49          /******************************************************************************
  50          函数名称：LCD1602_Init
  51          函数功能：液晶初始化函数
  52          入口参数：无
  53          返回值：无
  54          备注：无
C51 COMPILER V9.52.0.0   LCD                                                               07/19/2015 22:18:54 PAGE 2   

  55          *******************************************************************************/
  56          void LCD1602_Init()    
  57          {
  58   1        unsigned char i;
  59   1        LCD1602_WriteInformation(0x38,0);
  60   1        Delay(300);
  61   1        LCD1602_WriteInformation(0x38,0);
  62   1        Delay(100);
  63   1        LCD1602_WriteInformation(0x38,0);
  64   1        Delay(100);
  65   1        LCD1602_WriteInformation(0x38,0);   //写入命令，5x7点阵工作方式，8位数据接口
  66   1        Delay(100);
  67   1        LCD1602_WriteInformation(0x0c,0); //显示设置，开显示，光标不显示，不闪烁//        （为0时否）
  68   1        Delay(20);
  69   1        LCD1602_WriteInformation(0x01,0); //清屏指令
  70   1        Delay(20);
  71   1        LCD1602_WriteInformation(0x40,0); 
  72   1        for(i=0;i<64;i++)
  73   1        {
  74   2            LCD1602_WriteInformation(Data[i],1);  
  75   2        }
  76   1      }
  77            
  78          /******************************************************************************
  79          函数名称：LCD1602_MoveToPosition
  80          函数功能：将液晶的光标移动到指定的位置
  81          入口参数：x-液晶显示的行数，范围0-1
  82                x = 0:在液晶的第一行
  83                x = 1:在液晶的第二行
  84                y-液晶显示的列数，范围0-15
  85                  y = 0:在液晶的第一列
  86                y = 1:在液晶的第二列
  87                ......
  88                y = 15:在液晶的第十六列
  89          返回值：无
  90          备注：通过指定x,y的值可以将液晶的光标移动到指定的位置
  91          *******************************************************************************/
  92          void LCD1602_MoveToPosition(unsigned char x,unsigned char y)  
  93          {
  94   1        if(0 == x)
  95   1          LCD1602_WriteInformation((0x80 | y),0);    //光标定位到第一行的y列
  96   1        if(1 == x)
  97   1          LCD1602_WriteInformation((0xC0 | y),0);    //光标定义到第二行的y列
  98   1      }
  99          
 100          /******************************************************************************
 101          函数名称：LCD1602_DisplayOneCharOnAddr
 102          函数功能：在指定的位置上显示指定的字符
 103          入口参数：x-液晶显示的行数，范围0-1
 104                x = 0:在液晶的第一行
 105                x = 1:在液晶的第二行
 106                y-液晶显示的列数，范围0-15
 107                  y = 0:在液晶的第一列
 108                y = 1:在液晶的第二列
 109                ......
 110                y = 15:在液晶的第十六列
 111                ucData-要显示的字符数据
 112          返回值：无
 113          备注：确保x,y的取值要在指定的范围内
 114          *******************************************************************************/
 115          void LCD1602_DisplayOneCharOnAddr(unsigned char x,unsigned char y,unsigned char ucData)
 116          {
C51 COMPILER V9.52.0.0   LCD                                                               07/19/2015 22:18:54 PAGE 3   

 117   1        LCD1602_MoveToPosition(x,y);   //光标位置
 118   1        LCD1602_WriteInformation(ucData,1);   //写入数据
 119   1      }
 120          
 121          /******************************************************************************
 122          函数名称：LCD1602_DisplayString
 123          函数功能：显示字符串
 124          入口参数：ucStr-字符串的首地址
 125          返回值：无
 126          备注：无
 127          *******************************************************************************/
 128          void LCD1602_DisplayString(unsigned char *ucStr)  
 129          {
 130   1        while(*ucStr != '\0')    //字符串结束之前，循环显示
 131   1        {
 132   2           LCD1602_WriteInformation(*ucStr,1);   //依次写入每一个字符
 133   2           ucStr++;                //指针增加
 134   2        }
 135   1      }
 136          
 137          /******************************************************************************
 138          函数名称：Delay
 139          函数功能：延时函数
 140          入口参数：uiCount-延时参数，每加1增加0.5ms
 141          返回值：无
 142          备注：无
 143          *******************************************************************************/
 144          void Delay(unsigned int uiCount)
 145          {
 146   1        unsigned char j = 244;
 147   1        for(;uiCount > 0;uiCount--) while(--j); 
 148   1      }
 149          


MODULE INFORMATION:   STATIC OVERLAYABLE
   CODE SIZE        =    215    ----
   CONSTANT SIZE    =     56    ----
   XDATA SIZE       =   ----    ----
   PDATA SIZE       =   ----    ----
   DATA SIZE        =   ----    ----
   IDATA SIZE       =   ----    ----
   BIT SIZE         =   ----       1
END OF MODULE INFORMATION.


C51 COMPILATION COMPLETE.  0 WARNING(S),  0 ERROR(S)
