C51 COMPILER V9.52.0.0   LCD                                                               06/17/2015 07:13:25 PAGE 1   


C51 COMPILER V9.52.0.0, COMPILATION OF MODULE LCD
OBJECT MODULE PLACED IN lcd.OBJ
COMPILER INVOKED BY: C:\Program Files\keil\C51\BIN\C51.EXE lcd.c BROWSE DEBUG OBJECTEXTEND TABS(2)

line level    source

   1          #include<reg52.h>
   2          #include"LCD1602.h"
   3          #include"hc164.h"
   4          unsigned char  code Data[]={0x04,0x0f,0x12,0x0f,0x0a,0x1f,0x02,0x02,//年
   5                                      0x0f,0x09,0x0f,0x09,0x0f,0x09,0x09,0x13,//月
   6                                      0x1f,0x11,0x11,0x1f,0x11,0x11,0xff,0x00,//日
   7                                      0x0e,0x0a,0x0e,0x00,0x1f,0x11,0x11,0x1f,//吕
   8                                      0x04,0x1f,0x08,0x1f,0x09,0x0f,0x09,0x09,
   9                                      0x02,0x02,0x1f,0x06,0x0a,0x12,0x02,0x06,
  10                                      0x1c,0x14,0x1c,0x03,0x04,0x04,0x04,0x03//°c
  11                         };
  12          
  13          /******************************************************************************
  14          函数名称：LCD1602_CheckBusy
  15          函数功能：忙检测
  16          入口参数：无
  17          返回值：无
  18          备注：忙检测采用了多加一个延时条件的办法，放置程序卡在检测函数中
  19          *******************************************************************************/
  20          /*void LCD1602_CheckBusy()    
  21          {
  22            unsigned char i = 255;
  23            //LCDPORT = 0xFF;  //读之前先置位，准备读取IO口数据
  24            HC164(0xff);
  25            LCD1602_RS = 0;
  26            LCD1602_RW = 1;  //使液晶处于读数据状态
  27            LCD1602_EN = 1;  //使能液晶，高电平有效
  28            while((i--) & ((HC164(0xff)& 0x80));  //忙检测
  29            LCD1602_EN = 0;
  30          }
  31          */
  32          /******************************************************************************
  33          函数名称：LCD1602_WriteInformation
  34          函数功能：向LCD1602液晶写入数据或者命令
  35          入口参数：ucData-要写入的数据或者命令参数
  36                bComOrData-为0时写入的时命令，为1时写入的时数据
  37          返回值：无
  38          备注：无
  39          *******************************************************************************/
  40          void LCD1602_WriteInformation(unsigned char ucData,bit bComOrData)   
  41          {
  42   1        //LCD1602_CheckBusy();   //在写入数据或者命令前先进行忙检测
  43   1        //LCDPORT = ucData;    //先将数据或者命令送至IO
  44   1        HC164(ucData);
  45   1        LCD1602_RS = bComOrData;  //确定是写入数据还是写命令
  46   1        LCD1602_RW = 0;   //使液晶处于写入信息状态
  47   1        LCD1602_EN = 1;   //使能液晶，高电平有效
  48   1        LCD1602_EN = 0;
  49   1      }
  50          
  51          /******************************************************************************
  52          函数名称：LCD1602_Init
  53          函数功能：液晶初始化函数
  54          入口参数：无
  55          返回值：无
C51 COMPILER V9.52.0.0   LCD                                                               06/17/2015 07:13:25 PAGE 2   

  56          备注：无
  57          *******************************************************************************/
  58          void LCD1602_Init()    
  59          {
  60   1        unsigned char i;
  61   1        LCD1602_WriteInformation(0x38,0);
  62   1        Delay_lcd(300);
  63   1        LCD1602_WriteInformation(0x38,0);
  64   1        Delay_lcd(100);
  65   1        LCD1602_WriteInformation(0x38,0);
  66   1        Delay_lcd(100);
  67   1        LCD1602_WriteInformation(0x38,0);   //写入命令，5x7点阵工作方式，8位数据接口
  68   1        Delay_lcd(100);
  69   1        LCD1602_WriteInformation(0x0c,0); //显示设置，开显示，光标不显示，不闪烁//        （为0时否）
  70   1        Delay_lcd(100);
  71   1        LCD1602_WriteInformation(0x01,0); //清屏指令
  72   1        Delay_lcd(100);
  73   1        LCD1602_WriteInformation(0x40,0); 
  74   1        for(i=0;i<64;i++)
  75   1        {
  76   2            LCD1602_WriteInformation(Data[i],1);  
  77   2        }
  78   1      }
  79            
  80          /******************************************************************************
  81          函数名称：LCD1602_MoveToPosition
  82          函数功能：将液晶的光标移动到指定的位置
  83          入口参数：x-液晶显示的行数，范围0-1
  84                x = 0:在液晶的第一行
  85                x = 1:在液晶的第二行
  86                y-液晶显示的列数，范围0-15
  87                  y = 0:在液晶的第一列
  88                y = 1:在液晶的第二列
  89                ......
  90                y = 15:在液晶的第十六列
  91          返回值：无
  92          备注：通过指定x,y的值可以将液晶的光标移动到指定的位置
  93          *******************************************************************************/
  94          void LCD1602_MoveToPosition(unsigned char x,unsigned char y)  
  95          {
  96   1        if(0 == x)
  97   1          LCD1602_WriteInformation((0x80 | y),0);    //光标定位到第一行的y列
  98   1        if(1 == x)
  99   1          LCD1602_WriteInformation((0xC0 | y),0);    //光标定义到第二行的y列
 100   1      }
 101          
 102          /******************************************************************************
 103          函数名称：LCD1602_DisplayOneCharOnAddr
 104          函数功能：在指定的位置上显示指定的字符
 105          入口参数：x-液晶显示的行数，范围0-1
 106                x = 0:在液晶的第一行
 107                x = 1:在液晶的第二行
 108                y-液晶显示的列数，范围0-15
 109                  y = 0:在液晶的第一列
 110                y = 1:在液晶的第二列
 111                ......
 112                y = 15:在液晶的第十六列
 113                ucData-要显示的字符数据
 114          返回值：无
 115          备注：确保x,y的取值要在指定的范围内
 116          *******************************************************************************/
 117          void LCD1602_DisplayOneCharOnAddr(unsigned char x,unsigned char y,unsigned char ucData)
C51 COMPILER V9.52.0.0   LCD                                                               06/17/2015 07:13:25 PAGE 3   

 118          {
 119   1        LCD1602_MoveToPosition(x,y);   //光标位置
 120   1        LCD1602_WriteInformation(ucData,1);   //写入数据
 121   1      }
 122          
 123          /******************************************************************************
 124          函数名称：LCD1602_DisplayString
 125          函数功能：显示字符串
 126          入口参数：ucStr-字符串的首地址
 127          返回值：无
 128          备注：无
 129          *******************************************************************************/
 130          void LCD1602_DisplayString(unsigned char *ucStr)  
 131          {
 132   1        while(*ucStr != '\0')    //字符串结束之前，循环显示
 133   1        {
 134   2           LCD1602_WriteInformation(*ucStr,1);   //依次写入每一个字符
 135   2           ucStr++;                //指针增加
 136   2        }
 137   1      }
 138          
 139          /******************************************************************************
 140          函数名称：Delay
 141          函数功能：延时函数
 142          入口参数：uiCount-延时参数，每加1增加0.5ms
 143          返回值：无
 144          备注：无
 145          *******************************************************************************/
 146          void Delay_lcd(unsigned int uiCount)
 147          {
 148   1        unsigned char j = 244;
 149   1        for(;uiCount > 0;uiCount--) while(--j); 
 150   1      }
 151          


MODULE INFORMATION:   STATIC OVERLAYABLE
   CODE SIZE        =    206    ----
   CONSTANT SIZE    =     56    ----
   XDATA SIZE       =   ----    ----
   PDATA SIZE       =   ----    ----
   DATA SIZE        =   ----       7
   IDATA SIZE       =   ----    ----
   BIT SIZE         =   ----       1
END OF MODULE INFORMATION.


C51 COMPILATION COMPLETE.  0 WARNING(S),  0 ERROR(S)
